running develop
running egg_info
creating robot_controller_web.egg-info
writing robot_controller_web.egg-info/PKG-INFO
writing dependency_links to robot_controller_web.egg-info/dependency_links.txt
writing entry points to robot_controller_web.egg-info/entry_points.txt
writing requirements to robot_controller_web.egg-info/requires.txt
writing top-level names to robot_controller_web.egg-info/top_level.txt
writing manifest file 'robot_controller_web.egg-info/SOURCES.txt'
reading manifest file 'robot_controller_web.egg-info/SOURCES.txt'
writing manifest file 'robot_controller_web.egg-info/SOURCES.txt'
running build_ext
Creating /workspace/controller_ws/install/robot_controller_web/lib/python3.12/site-packages/robot-controller-web.egg-link (link to .)
Installing web script to /workspace/controller_ws/install/robot_controller_web/lib/robot_controller_web

Installed /workspace/controller_ws/build/robot_controller_web
running symlink_data
creating /workspace/controller_ws/install/robot_controller_web/share/ament_index
creating /workspace/controller_ws/install/robot_controller_web/share/ament_index/resource_index
creating /workspace/controller_ws/install/robot_controller_web/share/ament_index/resource_index/packages
symbolically linking /workspace/controller_ws/build/robot_controller_web/resource/robot_controller_web -> /workspace/controller_ws/install/robot_controller_web/share/ament_index/resource_index/packages
symbolically linking /workspace/controller_ws/build/robot_controller_web/package.xml -> /workspace/controller_ws/install/robot_controller_web/share/robot_controller_web
