[0.468s] Invoking command in '/workspace/controller_ws/build/robot_controller_web': PYTHONPATH=/workspace/controller_ws/build/robot_controller_web/prefix_override:/usr/lib/python3/dist-packages/colcon_core/task/python/colcon_distutils_commands:/workspace/controller_ws/install/robot_controller_web/lib/python3.12/site-packages:${PYTHONPATH} /usr/bin/python3 -W ignore:setup.py install is deprecated -W ignore:easy_install command is deprecated setup.py develop --editable --build-directory /workspace/controller_ws/build/robot_controller_web/build --no-deps symlink_data
[0.661s] running develop
[0.750s] running egg_info
[0.750s] creating robot_controller_web.egg-info
[0.759s] writing robot_controller_web.egg-info/PKG-INFO
[0.759s] writing dependency_links to robot_controller_web.egg-info/dependency_links.txt
[0.760s] writing entry points to robot_controller_web.egg-info/entry_points.txt
[0.760s] writing requirements to robot_controller_web.egg-info/requires.txt
[0.760s] writing top-level names to robot_controller_web.egg-info/top_level.txt
[0.760s] writing manifest file 'robot_controller_web.egg-info/SOURCES.txt'
[0.778s] reading manifest file 'robot_controller_web.egg-info/SOURCES.txt'
[0.779s] writing manifest file 'robot_controller_web.egg-info/SOURCES.txt'
[0.788s] running build_ext
[0.788s] Creating /workspace/controller_ws/install/robot_controller_web/lib/python3.12/site-packages/robot-controller-web.egg-link (link to .)
[0.789s] Installing web script to /workspace/controller_ws/install/robot_controller_web/lib/robot_controller_web
[0.789s] 
[0.789s] Installed /workspace/controller_ws/build/robot_controller_web
[0.789s] running symlink_data
[0.789s] creating /workspace/controller_ws/install/robot_controller_web/share/ament_index
[0.789s] creating /workspace/controller_ws/install/robot_controller_web/share/ament_index/resource_index
[0.790s] creating /workspace/controller_ws/install/robot_controller_web/share/ament_index/resource_index/packages
[0.790s] symbolically linking /workspace/controller_ws/build/robot_controller_web/resource/robot_controller_web -> /workspace/controller_ws/install/robot_controller_web/share/ament_index/resource_index/packages
[0.790s] symbolically linking /workspace/controller_ws/build/robot_controller_web/package.xml -> /workspace/controller_ws/install/robot_controller_web/share/robot_controller_web
[0.813s] Invoked command in '/workspace/controller_ws/build/robot_controller_web' returned '0': PYTHONPATH=/workspace/controller_ws/build/robot_controller_web/prefix_override:/usr/lib/python3/dist-packages/colcon_core/task/python/colcon_distutils_commands:/workspace/controller_ws/install/robot_controller_web/lib/python3.12/site-packages:${PYTHONPATH} /usr/bin/python3 -W ignore:setup.py install is deprecated -W ignore:easy_install command is deprecated setup.py develop --editable --build-directory /workspace/controller_ws/build/robot_controller_web/build --no-deps symlink_data
